2026-08-29 12:52:34 +0000 [MT] Initial pipeline context: <IDEDistributionProcessingPipelineContext: 0x988874600; archive(resolved)="<IDEArchive: 0x9862fc1c0>", distributionTask(resolved)="2", distributionDestination(resolved)="1", distributionMethod(resolved)="<IDEDistributionMethodiOSAppStoreDistribution: 0x98692f5e0>", team(resolved)="<IDEProvisioningBasicTeam: 0x9863cefe0; teamID='JHW499P7S3', teamName='(null)'>">
	Chain (15, self inclusive):
	<IDEDistributionProcessingPipelineContext: 0x988874600; archive = "<IDEArchive: 0x9862fc1c0>", distributionMethod="<IDEDistributionMethodiOSAppStoreDistribution: 0x98692f5e0>", team="<IDEProvisioningBasicTeam: 0x9863cefe0; teamID='JHW499P7S3', teamName='(null)'>">
	<IDEDistributionProcessingPipelineContext: 0x988874900; archive = "<IDEArchive: 0x9862fc1c0>", distributionMethod="<IDEDistributionMethodiOSAppStoreDistribution: 0x98692f5e0>", team="<IDEProvisioningBasicTeam: 0x9863cefe0; teamID='JHW499P7S3', teamName='(null)'>">
	<IDEDistributionContext: 0x986355b80; archive = "<IDEArchive: 0x9862fc1c0>", distributionMethod="<IDEDistributionMethodiOSAppStoreDistribution: 0x98692f5e0>", team="<IDEProvisioningBasicTeam: 0x9863cefe0; teamID='JHW499P7S3', teamName='(null)'>">
	<IDEDistributionContext: 0x986355900; archive = "<IDEArchive: 0x9862fc1c0>", distributionMethod="<IDEDistributionMethodiOSAppStoreDistribution: 0x98692f5e0>", team="<IDEProvisioningBasicTeam: 0x9863cefe0; teamID='JHW499P7S3', teamName='(null)'>">
	<IDEDistributionContext: 0x986355680; archive = "<IDEArchive: 0x9862fc1c0>", distributionMethod="<IDEDistributionMethodiOSAppStoreDistribution: 0x98692f5e0>", team="<IDEProvisioningBasicTeam: 0x9863cefe0; teamID='JHW499P7S3', teamName='(null)'>">
	<IDEDistributionContext: 0x986355400; archive = "<IDEArchive: 0x9862fc1c0>", distributionMethod="<IDEDistributionMethodiOSAppStoreDistribution: 0x98692f5e0>", team="<IDEProvisioningBasicTeam: 0x9863cefe0; teamID='JHW499P7S3', teamName='(null)'>">
	<IDEDistributionContext: 0x986355180; archive = "<IDEArchive: 0x9862fc1c0>", distributionMethod="<IDEDistributionMethodiOSAppStoreDistribution: 0x98692f5e0>", team="<IDEProvisioningBasicTeam: 0x9863cefe0; teamID='JHW499P7S3', teamName='(null)'>">
	<IDEDistributionContext: 0x986354f00; archive = "<IDEArchive: 0x9862fc1c0>", distributionMethod="<IDEDistributionMethodiOSAppStoreDistribution: 0x98692f5e0>", team="<IDEProvisioningBasicTeam: 0x9863cefe0; teamID='JHW499P7S3', teamName='(null)'>">
	<IDEDistributionContext: 0x986354c80; archive = "<IDEArchive: 0x9862fc1c0>", distributionMethod="<IDEDistributionMethodiOSAppStoreDistribution: 0x98692f5e0>", team="<IDEProvisioningBasicTeam: 0x9863cefe0; teamID='JHW499P7S3', teamName='(null)'>">
	<IDEDistributionContext: 0x986354a00; archive = "<IDEArchive: 0x9862fc1c0>", distributionMethod="<IDEDistributionMethodiOSAppStoreDistribution: 0x98692f5e0>", team="<IDEProvisioningBasicTeam: 0x9863cefe0; teamID='JHW499P7S3', teamName='(null)'>">
	<IDEDistributionContext: 0x986354780; archive = "<IDEArchive: 0x9862fc1c0>", distributionMethod="<IDEDistributionMethodiOSAppStoreDistribution: 0x98692f5e0>", team="<IDEProvisioningBasicTeam: 0x9863cefe0; teamID='JHW499P7S3', teamName='(null)'>">
	<IDEDistributionContext: 0x986354500; archive = "<IDEArchive: 0x9862fc1c0>", distributionMethod="<IDEDistributionMethodiOSAppStoreDistribution: 0x98692f5e0>", team="<IDEProvisioningBasicTeam: 0x9863cefe0; teamID='JHW499P7S3', teamName='(null)'>">
	<IDEDistributionContext: 0x986354280; archive = "<IDEArchive: 0x9862fc1c0>", distributionMethod="<IDEDistributionMethodiOSAppStoreDistribution: 0x98692f5e0>", team="(null)">
	<IDEDistributionContext: 0x986354000; archive = "<IDEArchive: 0x9862fc1c0>", distributionMethod="<IDEDistributionMethodiOSAppStoreDistribution: 0x98692f5e0>", team="(null)">
	<IDEDistributionContext: 0x100bf27d0; archive = "<IDEArchive: 0x9862fc1c0>", distributionMethod="(null)", team="(null)">
</IDEDistributionProcessingPipelineContext: 0x988874600>
2026-08-29 12:52:34 +0000 [MT] Processing step: IDEDistributionCreateDestRootStep
2026-08-29 12:52:34 +0000 [MT] Processing step: IDEDistributionCopyItemStep
2026-08-29 12:52:34 +0000 [MT] Running /usr/bin/ditto '-V' '/Users/mdenizay/Github/retfast/apps/ios/build/Retfast.xcarchive/Products/Applications/Retfast.app' '/var/folders/rl/g3bm467s3v5byvqxdlr3djn80000gn/T/XcodeDistPipeline.~~~EdK1Zv/Root/Payload/Retfast.app'
2026-08-29 12:52:34 +0000  >>> Copying /Users/mdenizay/Github/retfast/apps/ios/build/Retfast.xcarchive/Products/Applications/Retfast.app 
2026-08-29 12:52:34 +0000  copying file ./_CodeSignature/CodeResources ... 
2026-08-29 12:52:34 +0000  4459 bytes for ./_CodeSignature/CodeResources
2026-08-29 12:52:34 +0000  copying file ./Secrets.plist ... 
2026-08-29 12:52:34 +0000  282 bytes for ./Secrets.plist
2026-08-29 12:52:34 +0000  copying file ./en.lproj/Localizable.strings ... 
2026-08-29 12:52:34 +0000  2801 bytes for ./en.lproj/Localizable.strings
2026-08-29 12:52:34 +0000  copying file ./AppIcon60x60@2x.png ... 
2026-08-29 12:52:34 +0000  506 bytes for ./AppIcon60x60@2x.png
2026-08-29 12:52:34 +0000  copying file ./swift-crypto_Crypto.bundle/PrivacyInfo.xcprivacy ... 
2026-08-29 12:52:34 +0000  398 bytes for ./swift-crypto_Crypto.bundle/PrivacyInfo.xcprivacy
2026-08-29 12:52:34 +0000  copying file ./swift-crypto_Crypto.bundle/Info.plist ... 
2026-08-29 12:52:34 +0000  683 bytes for ./swift-crypto_Crypto.bundle/Info.plist
2026-08-29 12:52:34 +0000  copying file ./Assets.car ... 
2026-08-29 12:52:34 +0000  21688 bytes for ./Assets.car
2026-08-29 12:52:34 +0000  copying file ./tr.lproj/Localizable.strings ... 
2026-08-29 12:52:34 +0000  3398 bytes for ./tr.lproj/Localizable.strings
2026-08-29 12:52:34 +0000  copying file ./AppIcon76x76@2x~ipad.png ... 
2026-08-29 12:52:34 +0000  596 bytes for ./AppIcon76x76@2x~ipad.png
2026-08-29 12:52:34 +0000  copying file ./Secrets.example.plist ... 
2026-08-29 12:52:34 +0000  124 bytes for ./Secrets.example.plist
2026-08-29 12:52:34 +0000  copying file ./embedded.mobileprovision ... 
2026-08-29 12:52:34 +0000  12522 bytes for ./embedded.mobileprovision
2026-08-29 12:52:34 +0000  copying file ./Retfast ... 
2026-08-29 12:52:34 +0000  3620416 bytes for ./Retfast
2026-08-29 12:52:34 +0000  copying file ./Info.plist ... 
1470 bytes for ./Info.plist
copying file ./PkgInfo ... 
2026-08-29 12:52:34 +0000  8 bytes for ./PkgInfo
2026-08-29 12:52:34 +0000 [MT] /usr/bin/ditto exited with 0
2026-08-29 12:52:34 +0000 [MT] Processing step: IDEDistributionEmbedProfileStep
2026-08-29 12:52:34 +0000 [MT] Processing step: IDEDistributionInfoPlistStep
2026-08-29 12:52:34 +0000 [MT] Skipping setting DTXcodeBuildDistribution because toolsBuildVersionName was nil.
2026-08-29 12:52:34 +0000 [MT] Processing step: IDEDistributionItemRemovalStep
2026-08-29 12:52:34 +0000 [MT] Processing step: IDEDistributionAppThinningPlistStep
2026-08-29 12:52:34 +0000 [MT] Skipping step: IDEDistributionAppThinningPlistStep because it said so
2026-08-29 12:52:34 +0000 [MT] Processing step: IDEDistributionSymbolsStep
2026-08-29 12:52:34 +0000 [MT] Writing /var/folders/rl/g3bm467s3v5byvqxdlr3djn80000gn/T/XcodeDistPipeline.~~~EdK1Zv/Symbols/EB0CB1AB-2702-325B-A07E-8DD56062E5FC.symbols
2026-08-29 12:52:34 +0000 [MT] Processing step: IDEDistributionCopyAppleProvidedContentStep
2026-08-29 12:52:34 +0000 [MT] Processing step: IDEDistributionAppThinningStep
2026-08-29 12:52:34 +0000 [MT] Skipping step: IDEDistributionAppThinningStep because it said so
2026-08-29 12:52:34 +0000 [MT] Processing step: IDEDistributionArchThinningStep
2026-08-29 12:52:34 +0000 [MT] Archs to thin for item /Users/mdenizay/Github/retfast/apps/ios/build/Retfast.xcarchive/Products/Applications/Retfast.app are []
2026-08-29 12:52:34 +0000 [MT] Processing step: IDEDistributionODRStep
2026-08-29 12:52:34 +0000 [MT] Processing step: IDEDistributionStripXattrsStep
2026-08-29 12:52:34 +0000 [MT] Skipping stripping extended attributes because the codesign step will strip them.
2026-08-29 12:52:34 +0000 [MT] Processing step: IDEDistributionCodesignStep
2026-08-29 12:52:34 +0000 [MT] Entitlements for <IDEDistributionItem: 0x9886a3d20; bundleID='com.mizibu.retfast', path='<DVTFilePath:0x9886a1e60:'/Users/mdenizay/Github/retfast/apps/ios/build/Retfast.xcarchive/Products/Applications/Retfast.app'>', codeSigningInfo='<_DVTCodeSigningInformation_Path: 0x9886a3c00; isSigned='1', isAdHocSigned='0', signingCertificate='<DVTSigningCertificate: 0x98873c240; name='iPhone Distribution: Mehmet Deniz Aydn (JHW499P7S3)', hash='8B838AF445FE9489CC09B84C630C5597B9A65E1E', serialNumber='6DFBBCA17F79CC76070C0F54FA0993B9', certificateKinds='(
    "1.2.840.113635.100.6.1.4"
), issueDate='2026-08-29 12:03:32 +0000''>', entitlements='{
    "application-identifier" = "JHW499P7S3.com.mizibu.retfast";
    "beta-reports-active" = 1;
    "com.apple.developer.team-identifier" = JHW499P7S3;
    "get-task-allow" = 0;
}', teamID='JHW499P7S3', identifier='com.mizibu.retfast', executablePath='<DVTFilePath:0x9886a3840:'/Users/mdenizay/Github/retfast/apps/ios/build/Retfast.xcarchive/Products/Applications/Retfast.app/Retfast'>', hardenedRuntime='0'>'>: {
    "application-identifier" = "JHW499P7S3.com.mizibu.retfast";
    "beta-reports-active" = 1;
    "com.apple.developer.team-identifier" = JHW499P7S3;
    "get-task-allow" = 0;
}
2026-08-29 12:52:34 +0000 [MT] Associated App Clip Identifiers Filter: Skipping because "com.apple.developer.associated-appclip-app-identifiers" is not present
2026-08-29 12:52:34 +0000 [MT] Entitlements for <IDEDistributionItem: 0x9886a3d20; bundleID='com.mizibu.retfast', path='<DVTFilePath:0x9886a1e60:'/Users/mdenizay/Github/retfast/apps/ios/build/Retfast.xcarchive/Products/Applications/Retfast.app'>', codeSigningInfo='<_DVTCodeSigningInformation_Path: 0x9886a3c00; isSigned='1', isAdHocSigned='0', signingCertificate='<DVTSigningCertificate: 0x98873de00; name='iPhone Distribution: Mehmet Deniz Aydn (JHW499P7S3)', hash='8B838AF445FE9489CC09B84C630C5597B9A65E1E', serialNumber='6DFBBCA17F79CC76070C0F54FA0993B9', certificateKinds='(
    "1.2.840.113635.100.6.1.4"
), issueDate='2026-08-29 12:03:32 +0000''>', entitlements='{
    "application-identifier" = "JHW499P7S3.com.mizibu.retfast";
    "beta-reports-active" = 1;
    "com.apple.developer.team-identifier" = JHW499P7S3;
    "get-task-allow" = 0;
}', teamID='JHW499P7S3', identifier='com.mizibu.retfast', executablePath='<DVTFilePath:0x9886a3840:'/Users/mdenizay/Github/retfast/apps/ios/build/Retfast.xcarchive/Products/Applications/Retfast.app/Retfast'>', hardenedRuntime='0'>'> are: {
    "application-identifier" = "JHW499P7S3.com.mizibu.retfast";
    "beta-reports-active" = 1;
    "com.apple.developer.team-identifier" = JHW499P7S3;
    "get-task-allow" = 0;
}
2026-08-29 12:52:34 +0000 [MT] Writing entitlements for <IDEDistributionItem: 0x9886a3d20; bundleID='com.mizibu.retfast', path='<DVTFilePath:0x9886a1e60:'/Users/mdenizay/Github/retfast/apps/ios/build/Retfast.xcarchive/Products/Applications/Retfast.app'>', codeSigningInfo='<_DVTCodeSigningInformation_Path: 0x9886a3c00; isSigned='1', isAdHocSigned='0', signingCertificate='<DVTSigningCertificate: 0x98873de00; name='iPhone Distribution: Mehmet Deniz Aydn (JHW499P7S3)', hash='8B838AF445FE9489CC09B84C630C5597B9A65E1E', serialNumber='6DFBBCA17F79CC76070C0F54FA0993B9', certificateKinds='(
    "1.2.840.113635.100.6.1.4"
), issueDate='2026-08-29 12:03:32 +0000''>', entitlements='{
    "application-identifier" = "JHW499P7S3.com.mizibu.retfast";
    "beta-reports-active" = 1;
    "com.apple.developer.team-identifier" = JHW499P7S3;
    "get-task-allow" = 0;
}', teamID='JHW499P7S3', identifier='com.mizibu.retfast', executablePath='<DVTFilePath:0x9886a3840:'/Users/mdenizay/Github/retfast/apps/ios/build/Retfast.xcarchive/Products/Applications/Retfast.app/Retfast'>', hardenedRuntime='0'>'> to: /var/folders/rl/g3bm467s3v5byvqxdlr3djn80000gn/T/XcodeDistPipeline.~~~EdK1Zv/entitlements~~~l3k7cq
2026-08-29 12:52:34 +0000 [MT] invoking codesign: <NSConcreteTask: 0x985d43520; launchPath='/usr/bin/codesign', arguments='(
    "-f",
    "-s",
    8B838AF445FE9489CC09B84C630C5597B9A65E1E,
    "--entitlements",
    "/var/folders/rl/g3bm467s3v5byvqxdlr3djn80000gn/T/XcodeDistPipeline.~~~EdK1Zv/entitlements~~~l3k7cq",
    "--preserve-metadata=identifier,flags,runtime,launch-constraints,library-constraints",
    "--generate-entitlement-der",
    "--strip-disallowed-xattrs",
    "-vvv",
    "/var/folders/rl/g3bm467s3v5byvqxdlr3djn80000gn/T/XcodeDistPipeline.~~~EdK1Zv/Root/Payload/Retfast.app"
)'>
2026-08-29 12:52:36 +0000 [MT] codesign output: /var/folders/rl/g3bm467s3v5byvqxdlr3djn80000gn/T/XcodeDistPipeline.~~~EdK1Zv/Root/Payload/Retfast.app: replacing existing signature
/var/folders/rl/g3bm467s3v5byvqxdlr3djn80000gn/T/XcodeDistPipeline.~~~EdK1Zv/Root/Payload/Retfast.app: signed app bundle with Mach-O thin (arm64) [com.mizibu.retfast]
2026-08-29 12:52:36 +0000 [MT] Processing step: IDEDistributionZipODRItemStep
2026-08-29 12:52:36 +0000 [MT] Skipping step: IDEDistributionZipODRItemStep because it said so
2026-08-29 12:52:36 +0000 [MT] Processing step: IDEDistributionCreateIPAStep
2026-08-29 12:52:36 +0000 [MT] Running /usr/bin/rsync '-8aPhhE' '/var/folders/rl/g3bm467s3v5byvqxdlr3djn80000gn/T/XcodeDistPipeline.~~~EdK1Zv/Symbols' '--link-dest' '/var/folders/rl/g3bm467s3v5byvqxdlr3djn80000gn/T/XcodeDistPipeline.~~~EdK1Zv' '/var/folders/rl/g3bm467s3v5byvqxdlr3djn80000gn/T/XcodeDistPipeline.~~~EdK1Zv/Root'
2026-08-29 12:52:36 +0000  Symbols/
._Symbols
            163 170%    2.13MB/s   00:00:00 (xfer#1, to-check=0/4)
2026-08-29 12:52:36 +0000  Symbols/EB0CB1AB-2702-325B-A07E-8DD56062E5FC.symbols
Symbols/._EB0CB1AB-2702-325B-A07E-8DD56062E5FC.symbols
            163   0%  178.66KB/s   00:00:00 (xfer#2, to-check=2/4)
2026-08-29 12:52:36 +0000 [MT] /usr/bin/rsync exited with 0
2026-08-29 12:52:36 +0000 [MT] Running /usr/bin/ditto '-V' '-c' '-k' '--norsrc' '/var/folders/rl/g3bm467s3v5byvqxdlr3djn80000gn/T/XcodeDistPipeline.~~~EdK1Zv/Root' '/var/folders/rl/g3bm467s3v5byvqxdlr3djn80000gn/T/XcodeDistPipeline.~~~EdK1Zv/Packages/Retfast.ipa'
2026-08-29 12:52:36 +0000  >>> Copying /var/folders/rl/g3bm467s3v5byvqxdlr3djn80000gn/T/XcodeDistPipeline.~~~EdK1Zv/Root 
2026-08-29 12:52:36 +0000  copying file ./Payload/Retfast.app/_CodeSignature/CodeResources ... 
2026-08-29 12:52:36 +0000  4459 bytes for ./Payload/Retfast.app/_CodeSignature/CodeResources
2026-08-29 12:52:36 +0000  copying file ./Payload/Retfast.app/Secrets.plist ... 
2026-08-29 12:52:36 +0000  282 bytes for ./Payload/Retfast.app/Secrets.plist
2026-08-29 12:52:36 +0000  copying file ./Payload/Retfast.app/en.lproj/Localizable.strings ... 
2026-08-29 12:52:36 +0000  2801 bytes for ./Payload/Retfast.app/en.lproj/Localizable.strings
2026-08-29 12:52:36 +0000  copying file ./Payload/Retfast.app/AppIcon60x60@2x.png ... 
2026-08-29 12:52:36 +0000  506 bytes for ./Payload/Retfast.app/AppIcon60x60@2x.png
2026-08-29 12:52:36 +0000  copying file ./Payload/Retfast.app/swift-crypto_Crypto.bundle/PrivacyInfo.xcprivacy ... 
2026-08-29 12:52:36 +0000  398 bytes for ./Payload/Retfast.app/swift-crypto_Crypto.bundle/PrivacyInfo.xcprivacy
2026-08-29 12:52:36 +0000  copying file ./Payload/Retfast.app/swift-crypto_Crypto.bundle/Info.plist ... 
2026-08-29 12:52:36 +0000  683 bytes for ./Payload/Retfast.app/swift-crypto_Crypto.bundle/Info.plist
2026-08-29 12:52:36 +0000  copying file ./Payload/Retfast.app/Assets.car ... 
2026-08-29 12:52:36 +0000  21688 bytes for ./Payload/Retfast.app/Assets.car
2026-08-29 12:52:36 +0000  copying file ./Payload/Retfast.app/tr.lproj/Localizable.strings ... 
2026-08-29 12:52:36 +0000  3398 bytes for ./Payload/Retfast.app/tr.lproj/Localizable.strings
2026-08-29 12:52:36 +0000  copying file ./Payload/Retfast.app/AppIcon76x76@2x~ipad.png ... 
2026-08-29 12:52:36 +0000  596 bytes for ./Payload/Retfast.app/AppIcon76x76@2x~ipad.png
2026-08-29 12:52:36 +0000  copying file ./Payload/Retfast.app/Secrets.example.plist ... 
2026-08-29 12:52:36 +0000  124 bytes for ./Payload/Retfast.app/Secrets.example.plist
2026-08-29 12:52:36 +0000  copying file ./Payload/Retfast.app/embedded.mobileprovision ... 
2026-08-29 12:52:36 +0000  12522 bytes for ./Payload/Retfast.app/embedded.mobileprovision
2026-08-29 12:52:36 +0000  copying file ./Payload/Retfast.app/Retfast ... 
2026-08-29 12:52:36 +0000  3620416 bytes for ./Payload/Retfast.app/Retfast
2026-08-29 12:52:36 +0000  copying file ./Payload/Retfast.app/Info.plist ... 
2026-08-29 12:52:36 +0000  1470 bytes for ./Payload/Retfast.app/Info.plist
copying file ./Payload/Retfast.app/PkgInfo ... 
2026-08-29 12:52:36 +0000  8 bytes for ./Payload/Retfast.app/PkgInfo
2026-08-29 12:52:36 +0000  copying file ./Symbols/EB0CB1AB-2702-325B-A07E-8DD56062E5FC.symbols ... 
2026-08-29 12:52:36 +0000  7601116 bytes for ./Symbols/EB0CB1AB-2702-325B-A07E-8DD56062E5FC.symbols
2026-08-29 12:52:36 +0000 [MT] /usr/bin/ditto exited with 0
2026-08-29 12:52:36 +0000 [MT] Processing step: IDEDistributionAppStoreInformationStep
2026-08-29 12:52:36 +0000 [MT] Skipping step: IDEDistributionAppStoreInformationStep because it said so
2026-08-29 12:52:36 +0000 [MT] Processing step: IDEDistributionGenerateProcessedDistributionItems
2026-08-29 12:52:36 +0000 [MT] IDEDistributionItem init <DVTFilePath:0x9888a4fc0:'/var/folders/rl/g3bm467s3v5byvqxdlr3djn80000gn/T/XcodeDistPipeline.~~~EdK1Zv/Root/Payload/Retfast.app'>
2026-08-29 12:52:36 +0000 [MT] Processing step: IDEDistributionCreateManifestStep
2026-08-29 12:52:36 +0000 [MT] Skipping step: IDEDistributionCreateManifestStep because it said so
